src/pages/hospital/HospitalAnalytics.tsx(32,23): error TS2339: Property 'toLowerCase' does not exist on type 'unknown'.
